
- bedtools version > 2.17 found![0;32m /usr/local/bin/bedtools
[0m- stochhmm found![0m[0;32m /usr/local/bin/stochhmm
[0m
[33mProcessing File example/test_control_pos.wig (1/4)[0m
[1;35m- Step 1/5 [0;32mSUCCESS![0m: ./bin/1_wig2fa.pl -i example/test_control_pos.wig -o tmp/test_control_pos.1
[1;35m- Step 2/5 [0;32mSUCCESS![0m: stochhmm -seq tmp/test_control_pos.1 -model model/DRIPc_1.hmm -posterior -threshold 0.95 -gff | awk '$2 == "StochHMM" {print $1"\t"$4"\t"$5"\t"$3"\t0\t+"}' > tmp/test_control_pos.2
Count = 103799
[1;35m- Step 3/5 [0;32mSUCCESS![0m: ./bin/2_bed2fa.pl -i tmp/test_control_pos.2 -o tmp/test_control_pos.3
[1;35m- Step 4/5 [0;32mSUCCESS![0m: stochhmm -seq tmp/test_control_pos.3  -model model/DRIPc_2.hmm -posterior -threshold 0.95 -gff | awk '$2 == "StochHMM" {print $1"\t"$4"\t"$5"\t"$3"\t0\t+"}' > tmp/test_control_pos.4
[1;35m- Step 5/5 [0;32mSUCCESS![0m: ./bin/3_Combine.pl tmp/test_control_pos.4
[0;33mexample/test_control_pos.wig done! Output = test_control_pos.peak[0m ([0;32m17[0m peaks)

[33mProcessing File example/test_scramble_pos.wig (2/4)[0m
[1;35m- Step 1/5 [0;32mSUCCESS![0m: ./bin/1_wig2fa.pl -i example/test_scramble_pos.wig -o tmp/test_scramble_pos.1
[1;35m- Step 2/5 [0;32mSUCCESS![0m: stochhmm -seq tmp/test_scramble_pos.1 -model model/DRIPc_1.hmm -posterior -threshold 0.95 -gff | awk '$2 == "StochHMM" {print $1"\t"$4"\t"$5"\t"$3"\t0\t+"}' > tmp/test_scramble_pos.2
Count = 103616
[1;35m- Step 3/5 [0;32mSUCCESS![0m: ./bin/2_bed2fa.pl -i tmp/test_scramble_pos.2 -o tmp/test_scramble_pos.3
[1;35m- Step 4/5 [0;32mSUCCESS![0m: stochhmm -seq tmp/test_scramble_pos.3  -model model/DRIPc_2.hmm -posterior -threshold 0.95 -gff | awk '$2 == "StochHMM" {print $1"\t"$4"\t"$5"\t"$3"\t0\t+"}' > tmp/test_scramble_pos.4
[1;35m- Step 5/5 [0;32mSUCCESS![0m: ./bin/3_Combine.pl tmp/test_scramble_pos.4
[0;33mexample/test_scramble_pos.wig done! Output = test_scramble_pos.peak[0m ([0;32m17[0m peaks)

[33mProcessing File example/test_top1A_pos.wig (3/4)[0m
[1;35m- Step 1/5 [0;32mSUCCESS![0m: ./bin/1_wig2fa.pl -i example/test_top1A_pos.wig -o tmp/test_top1A_pos.1
[1;35m- Step 2/5 [0;32mSUCCESS![0m: stochhmm -seq tmp/test_top1A_pos.1 -model model/DRIPc_1.hmm -posterior -threshold 0.95 -gff | awk '$2 == "StochHMM" {print $1"\t"$4"\t"$5"\t"$3"\t0\t+"}' > tmp/test_top1A_pos.2
Count = 102877
[1;35m- Step 3/5 [0;32mSUCCESS![0m: ./bin/2_bed2fa.pl -i tmp/test_top1A_pos.2 -o tmp/test_top1A_pos.3
[1;35m- Step 4/5 [0;32mSUCCESS![0m: stochhmm -seq tmp/test_top1A_pos.3  -model model/DRIPc_2.hmm -posterior -threshold 0.95 -gff | awk '$2 == "StochHMM" {print $1"\t"$4"\t"$5"\t"$3"\t0\t+"}' > tmp/test_top1A_pos.4
[1;35m- Step 5/5 [0;32mSUCCESS![0m: ./bin/3_Combine.pl tmp/test_top1A_pos.4
[0;33mexample/test_top1A_pos.wig done! Output = test_top1A_pos.peak[0m ([0;32m11[0m peaks)

[33mProcessing File example/test_top1B_pos.wig (4/4)[0m
[1;35m- Step 1/5 [0;32mSUCCESS![0m: ./bin/1_wig2fa.pl -i example/test_top1B_pos.wig -o tmp/test_top1B_pos.1
[1;35m- Step 2/5 [0;32mSUCCESS![0m: stochhmm -seq tmp/test_top1B_pos.1 -model model/DRIPc_1.hmm -posterior -threshold 0.95 -gff | awk '$2 == "StochHMM" {print $1"\t"$4"\t"$5"\t"$3"\t0\t+"}' > tmp/test_top1B_pos.2
Count = 102820
[1;35m- Step 3/5 [0;32mSUCCESS![0m: ./bin/2_bed2fa.pl -i tmp/test_top1B_pos.2 -o tmp/test_top1B_pos.3
[1;35m- Step 4/5 [0;32mSUCCESS![0m: stochhmm -seq tmp/test_top1B_pos.3  -model model/DRIPc_2.hmm -posterior -threshold 0.95 -gff | awk '$2 == "StochHMM" {print $1"\t"$4"\t"$5"\t"$3"\t0\t+"}' > tmp/test_top1B_pos.4
[1;35m- Step 5/5 [0;32mSUCCESS![0m: ./bin/3_Combine.pl tmp/test_top1B_pos.4
[0;33mexample/test_top1B_pos.wig done! Output = test_top1B_pos.peak[0m ([0;32m18[0m peaks)

[1;35mFinal Combine Step [0;32mSUCCESS![0m: ./bin/4_CombineAll.pl test_control_pos.peak test_scramble_pos.peak test_top1A_pos.peak test_top1B_pos.peak

[1;31mOutput = output.PEAK[0m ([0;32m20[0m peaks)

